{
  "kind": "linux-kernel-measurement",
  "mode": "meeting",
  "scenario": "both",
  "duration_seconds": 15,
  "warmup_seconds": 3,
  "bulk_tos": 0,
  "up_mbps": 5,
  "down_mbps": 20,
  "base_rtt_ms": 40,
  "udp_target_bps_each_direction": 600000,
  "udp_payload_bytes": 256,
  "kernel": "6.18.52-0-virt",
  "note": "UDP surrogate, not WebRTC quality or a real Wi-Fi measurement",
  "started_at_unix": 1791385673.3299143,
  "measurement_start_unix": 1791385676.3299143,
  "rtt": {
    "samples": 142,
    "mean_ms": 77.06830985915494,
    "p95_ms": 93.6,
    "ping_loss_including_warmup_pct": 0.0
  },
  "flows": {
    "meeting-up": {
      "bits_per_second": 598852.4411396305,
      "jitter_ms": 4.536611799073039,
      "lost_packets": 0,
      "packets": 4411,
      "lost_percent": 0,
      "seconds": 15.085065
    },
    "meeting-down": {
      "bits_per_second": 506054.47456492437,
      "jitter_ms": 6.888020170064147,
      "lost_packets": 688,
      "packets": 4393,
      "lost_percent": 15.565610859728507,
      "seconds": 14.994117
    },
    "roommate-up": {
      "bits_per_second": 1461475.2619178572,
      "bytes": 2752512,
      "seconds": 15.067033
    },
    "roommate-down": {
      "bits_per_second": 1537036.3806206333,
      "bytes": 2883584,
      "seconds": 15.00854
    }
  },
  "cpu_busy_percent": {
    "cpu": 6.81,
    "cpu0": 6.64,
    "cpu1": 6.93
  },
  "cpu_warning": false
}
