Measured 1/36: r3-fifo-upload
Measured 2/36: r3-sqm-upload
Measured 3/36: r1-sqm-both
Measured 4/36: r1-sqm-idle
Measured 5/36: r2-meeting-upload
Measured 6/36: r3-fifo-both
Measured 7/36: r3-meeting-upload
Measured 8/36: r1-fifo-idle
Measured 9/36: r2-sqm-upload
Measured 10/36: r1-sqm-upload
Measured 11/36: r3-sqm-idle
Measured 12/36: r3-fifo-idle
Measured 13/36: r3-fifo-download
Measured 14/36: r2-fifo-download
Measured 15/36: r3-sqm-download
Measured 16/36: r2-sqm-download
Measured 17/36: r1-meeting-idle
Measured 18/36: r2-fifo-idle
Measured 19/36: r2-meeting-download
Measured 20/36: r3-meeting-download
Measured 21/36: r1-fifo-both
Measured 22/36: r2-sqm-both
Measured 23/36: r1-meeting-both
Measured 24/36: r3-meeting-both
Measured 25/36: r1-meeting-download
Measured 26/36: r1-fifo-download
Measured 27/36: r2-fifo-both
Measured 28/36: r3-meeting-idle
Measured 29/36: r1-sqm-download
Measured 30/36: r2-fifo-upload
Measured 31/36: r2-meeting-idle
Measured 32/36: r1-fifo-upload
Measured 33/36: r2-sqm-idle
Measured 34/36: r2-meeting-both
Measured 35/36: r1-meeting-upload
Measured 36/36: r3-sqm-both
